## 📰 全球要闻精选

### China
- [AI breakthrough](http://example.com/1) `8/10`

## 🤖 AI科技动态

- [OpenAI GPT-5](http://example.com/2)
  来源: OpenAI | 评分: 9/10

## 💻 GitHub热门项目

### [user/test-repo](http://github.com/test)
Test
⭐ 1000 | 评分: 8/10

